[2026-05-10 21:33:11 UTC] vcs -full64 -licqueue '-timescale=1ns/1ns' '+vcs+flush+all' '+warn=all' '-sverilog' design.sv testbench.sv  && ./simv +vcs+lic+wait  
                         Chronologic VCS (TM)
       Version X-2025.06-SP1_Full64 -- Sun May 10 17:33:13 2026

                    Copyright (c) 1991 - 2025 Synopsys, Inc.
   This software and the associated documentation are proprietary to Synopsys,
 Inc. This software may only be used in accordance with the terms and conditions
 of a written license agreement with Synopsys, Inc. All other use, reproduction,
   or distribution of this software is strictly prohibited.  Licensed Products
     communicate with Synopsys servers for the purpose of providing software
    updates, detecting software piracy and verifying that customers are using
    Licensed Products in conformity with the applicable License Key for such
  Licensed Products. Synopsys will use information gathered in connection with
    this process to deliver software updates and pursue software pirates and
                                   infringers.

 Inclusivity & Diversity - Visit SolvNetPlus to read the "Synopsys Statement on
            Inclusivity and Diversity" (Refer to article 000036315 at
                        https://solvnetplus.synopsys.com)

Parsing design file 'design.sv'
Parsing design file 'testbench.sv'
Top Level Modules:
       crossbar_tb
TimeScale is 1 ns / 1 ps
Starting vcs inline pass...
2 modules and 0 UDP read.
recompiling module crossbar_mac
recompiling module crossbar_tb
Both modules done.
rm -f _cuarc*.so _csrc*.so pre_vcsobj_*.so share_vcsobj_*.so
if [ -x ../simv ]; then chmod a-x ../simv; fi
g++  -o ../simv      -rdynamic  -Wl,-rpath='$ORIGIN'/simv.daidir -Wl,-rpath=./simv.daidir -Wl,-rpath=/apps/vcsmx/vcs/X-2025.06-SP1/linux64/lib -L/apps/vcsmx/vcs/X-2025.06-SP1/linux64/lib  -Wl,-rpath-link=./   objs/amcQw_d.o  _287_archive_1.so  SIM_l.o       rmapats_mop.o rmapats.o rmar.o rmar_nd.o  rmar_llvm_0_1.o rmar_llvm_0_0.o            -lvirsim -lerrorinf -lsnpsmalloc -lvfs      -lvcsnew -ldistsimclient -lsimprofile -luclinative /apps/vcsmx/vcs/X-2025.06-SP1/linux64/lib/vcs_tls.o   -Wl,-whole-archive  -lvcsucli    -Wl,-no-whole-archive          /apps/vcsmx/vcs/X-2025.06-SP1/linux64/lib/vcs_save_restore_new.o -ldl  -lc -lm -lpthread -ldl 
../simv up to date
CPU time: .704 seconds to compile + .745 seconds to elab + .402 seconds to link
Chronologic VCS simulator copyright 1991-2025
Contains Synopsys proprietary information.
Compiler version X-2025.06-SP1_Full64; Runtime version X-2025.06-SP1_Full64;  May 10 17:33 2026
--- Crossbar MAC results ---
out[0] = -40  (expected -40)  PASS
out[1] = 0  (expected 0)  PASS
out[2] = -20  (expected -20)  PASS
out[3] = -20  (expected -20)  PASS
ALL CHECKS PASSED
$finish called from file "testbench.sv", line 81.
$finish at simulation time                45000
           V C S   S i m u l a t i o n   R e p o r t 
Time: 45000 ps
CPU Time:      0.480 seconds;       Data structure size:   0.0Mb
Sun May 10 17:33:15 2026
Done
